[ERROR] Tests run: 8, Failures: 0, Errors: 8, Skipped: 0, Time elapsed: 0.034 s <<< FAILURE! -- in com.adobe.acs.commons.remoteassets.impl.RemoteAssetsConfigImplTest
[ERROR] com.adobe.acs.commons.remoteassets.impl.RemoteAssetsConfigImplTest.testBadConfigServerInvalidUrl -- Time elapsed: 0.019 s <<< ERROR!
java.lang.Error: 
Unresolved compilation problem: 
	Rule cannot be resolved to a type

	at com.adobe.acs.commons.remoteassets.impl.RemoteAssetsConfigImplTest.<init>(RemoteAssetsConfigImplTest.java:57)
	at java.base/java.lang.reflect.Constructor.newInstance(Constructor.java:490)

[ERROR] com.adobe.acs.commons.remoteassets.impl.RemoteAssetsConfigImplTest.testBadConfigServerNotSpecified -- Time elapsed: 0.002 s <<< ERROR!
java.lang.Error: 
Unresolved compilation problem: 
	Rule cannot be resolved to a type

	at com.adobe.acs.commons.remoteassets.impl.RemoteAssetsConfigImplTest.<init>(RemoteAssetsConfigImplTest.java:57)
	at java.base/java.lang.reflect.Constructor.newInstance(Constructor.java:490)

[ERROR] com.adobe.acs.commons.remoteassets.impl.RemoteAssetsConfigImplTest.testBadConfigPasswordNotSpecified -- Time elapsed: 0 s <<< ERROR!
java.lang.Error: 
Unresolved compilation problem: 
	Rule cannot be resolved to a type

	at com.adobe.acs.commons.remoteassets.impl.RemoteAssetsConfigImplTest.<init>(RemoteAssetsConfigImplTest.java:57)
	at java.base/java.lang.reflect.Constructor.newInstance(Constructor.java:490)

[ERROR] com.adobe.acs.commons.remoteassets.impl.RemoteAssetsConfigImplTest.testGetResourceResolver -- Time elapsed: 0 s <<< ERROR!
java.lang.Error: 
Unresolved compilation problem: 
	Rule cannot be resolved to a type

	at com.adobe.acs.commons.remoteassets.impl.RemoteAssetsConfigImplTest.<init>(RemoteAssetsConfigImplTest.java:57)
	at java.base/java.lang.reflect.Constructor.newInstance(Constructor.java:490)

[ERROR] com.adobe.acs.commons.remoteassets.impl.RemoteAssetsConfigImplTest.testValidConfigsOverrideHttps -- Time elapsed: 0.001 s <<< ERROR!
java.lang.Error: 
Unresolved compilation problem: 
	Rule cannot be resolved to a type

	at com.adobe.acs.commons.remoteassets.impl.RemoteAssetsConfigImplTest.<init>(RemoteAssetsConfigImplTest.java:57)
	at java.base/java.lang.reflect.Constructor.newInstance(Constructor.java:490)

[ERROR] com.adobe.acs.commons.remoteassets.impl.RemoteAssetsConfigImplTest.testBadConfigServerProtocolNotSecure -- Time elapsed: 0 s <<< ERROR!
java.lang.Error: 
Unresolved compilation problem: 
	Rule cannot be resolved to a type

	at com.adobe.acs.commons.remoteassets.impl.RemoteAssetsConfigImplTest.<init>(RemoteAssetsConfigImplTest.java:57)
	at java.base/java.lang.reflect.Constructor.newInstance(Constructor.java:490)

[ERROR] com.adobe.acs.commons.remoteassets.impl.RemoteAssetsConfigImplTest.testValidConfigs -- Time elapsed: 0.001 s <<< ERROR!
java.lang.Error: 
Unresolved compilation problem: 
	Rule cannot be resolved to a type

	at com.adobe.acs.commons.remoteassets.impl.RemoteAssetsConfigImplTest.<init>(RemoteAssetsConfigImplTest.java:57)
	at java.base/java.lang.reflect.Constructor.newInstance(Constructor.java:490)

[ERROR] com.adobe.acs.commons.remoteassets.impl.RemoteAssetsConfigImplTest.testBadConfigUsernameNotSpecified -- Time elapsed: 0.001 s <<< ERROR!
java.lang.Error: 
Unresolved compilation problem: 
	Rule cannot be resolved to a type

	at com.adobe.acs.commons.remoteassets.impl.RemoteAssetsConfigImplTest.<init>(RemoteAssetsConfigImplTest.java:57)
	at java.base/java.lang.reflect.Constructor.newInstance(Constructor.java:490)

[ERROR] Tests run: 8, Failures: 0, Errors: 8, Skipped: 0, Time elapsed: 8.509 s <<< FAILURE! -- in com.adobe.acs.commons.wcm.impl.FileImporterTest
[ERROR] com.adobe.acs.commons.wcm.impl.FileImporterTest.testWrongScheme -- Time elapsed: 0.263 s <<< ERROR!
java.lang.Error: 
Unresolved compilation problem: 
	Can only iterate over an array or an instance of java.lang.Iterable

	at com.adobe.acs.commons.wcm.impl.FileImporterTest.setup(FileImporterTest.java:81)
	at java.base/java.lang.reflect.Method.invoke(Method.java:566)
	at org.mockito.internal.runners.DefaultInternalRunner$1$1.evaluate(DefaultInternalRunner.java:55)
	at org.mockito.internal.runners.DefaultInternalRunner$1.run(DefaultInternalRunner.java:100)
	at org.mockito.internal.runners.DefaultInternalRunner.run(DefaultInternalRunner.java:107)
	at org.mockito.internal.runners.StrictRunner.run(StrictRunner.java:42)
	at org.mockito.junit.MockitoJUnitRunner.run(MockitoJUnitRunner.java:163)

[ERROR] com.adobe.acs.commons.wcm.impl.FileImporterTest.testImportToFileWhichIsNewer -- Time elapsed: 0.001 s <<< ERROR!
java.lang.Error: 
Unresolved compilation problem: 
	Can only iterate over an array or an instance of java.lang.Iterable

	at com.adobe.acs.commons.wcm.impl.FileImporterTest.setup(FileImporterTest.java:81)
	at java.base/java.lang.reflect.Method.invoke(Method.java:566)
	at org.mockito.internal.runners.DefaultInternalRunner$1$1.evaluate(DefaultInternalRunner.java:55)
	at org.mockito.internal.runners.DefaultInternalRunner$1.run(DefaultInternalRunner.java:100)
	at org.mockito.internal.runners.DefaultInternalRunner.run(DefaultInternalRunner.java:107)
	at org.mockito.internal.runners.StrictRunner.run(StrictRunner.java:42)
	at org.mockito.junit.MockitoJUnitRunner.run(MockitoJUnitRunner.java:163)

[ERROR] com.adobe.acs.commons.wcm.impl.FileImporterTest.testImportToFolderHavingFileWhichIsNewer -- Time elapsed: 0.001 s <<< ERROR!
java.lang.Error: 
Unresolved compilation problem: 
	Can only iterate over an array or an instance of java.lang.Iterable

	at com.adobe.acs.commons.wcm.impl.FileImporterTest.setup(FileImporterTest.java:81)
	at java.base/java.lang.reflect.Method.invoke(Method.java:566)
	at org.mockito.internal.runners.DefaultInternalRunner$1$1.evaluate(DefaultInternalRunner.java:55)
	at org.mockito.internal.runners.DefaultInternalRunner$1.run(DefaultInternalRunner.java:100)
	at org.mockito.internal.runners.DefaultInternalRunner.run(DefaultInternalRunner.java:107)
	at org.mockito.internal.runners.StrictRunner.run(StrictRunner.java:42)
	at org.mockito.junit.MockitoJUnitRunner.run(MockitoJUnitRunner.java:163)

[ERROR] com.adobe.acs.commons.wcm.impl.FileImporterTest.testImportToFolderHavingFileWhichIsOlder -- Time elapsed: 0 s <<< ERROR!
java.lang.Error: 
Unresolved compilation problem: 
	Can only iterate over an array or an instance of java.lang.Iterable

	at com.adobe.acs.commons.wcm.impl.FileImporterTest.setup(FileImporterTest.java:81)
	at java.base/java.lang.reflect.Method.invoke(Method.java:566)
	at org.mockito.internal.runners.DefaultInternalRunner$1$1.evaluate(DefaultInternalRunner.java:55)
	at org.mockito.internal.runners.DefaultInternalRunner$1.run(DefaultInternalRunner.java:100)
	at org.mockito.internal.runners.DefaultInternalRunner.run(DefaultInternalRunner.java:107)
	at org.mockito.internal.runners.StrictRunner.run(StrictRunner.java:42)
	at org.mockito.junit.MockitoJUnitRunner.run(MockitoJUnitRunner.java:163)

[ERROR] com.adobe.acs.commons.wcm.impl.FileImporterTest.testImportToFile -- Time elapsed: 0 s <<< ERROR!
java.lang.Error: 
Unresolved compilation problem: 
	Can only iterate over an array or an instance of java.lang.Iterable

	at com.adobe.acs.commons.wcm.impl.FileImporterTest.setup(FileImporterTest.java:81)
	at java.base/java.lang.reflect.Method.invoke(Method.java:566)
	at org.mockito.internal.runners.DefaultInternalRunner$1$1.evaluate(DefaultInternalRunner.java:55)
	at org.mockito.internal.runners.DefaultInternalRunner$1.run(DefaultInternalRunner.java:100)
	at org.mockito.internal.runners.DefaultInternalRunner.run(DefaultInternalRunner.java:107)
	at org.mockito.internal.runners.StrictRunner.run(StrictRunner.java:42)
	at org.mockito.junit.MockitoJUnitRunner.run(MockitoJUnitRunner.java:163)

[ERROR] com.adobe.acs.commons.wcm.impl.FileImporterTest.testImportNoSuchFile -- Time elapsed: 0 s <<< ERROR!
java.lang.Error: 
Unresolved compilation problem: 
	Can only iterate over an array or an instance of java.lang.Iterable

	at com.adobe.acs.commons.wcm.impl.FileImporterTest.setup(FileImporterTest.java:81)
	at java.base/java.lang.reflect.Method.invoke(Method.java:566)
	at org.mockito.internal.runners.DefaultInternalRunner$1$1.evaluate(DefaultInternalRunner.java:55)
	at org.mockito.internal.runners.DefaultInternalRunner$1.run(DefaultInternalRunner.java:100)
	at org.mockito.internal.runners.DefaultInternalRunner.run(DefaultInternalRunner.java:107)
	at org.mockito.internal.runners.StrictRunner.run(StrictRunner.java:42)
	at org.mockito.junit.MockitoJUnitRunner.run(MockitoJUnitRunner.java:163)

[ERROR] com.adobe.acs.commons.wcm.impl.FileImporterTest.testNullAdaptation -- Time elapsed: 0.001 s <<< ERROR!
java.lang.Error: 
Unresolved compilation problem: 
	Can only iterate over an array or an instance of java.lang.Iterable

	at com.adobe.acs.commons.wcm.impl.FileImporterTest.setup(FileImporterTest.java:81)
	at java.base/java.lang.reflect.Method.invoke(Method.java:566)
	at org.mockito.internal.runners.DefaultInternalRunner$1$1.evaluate(DefaultInternalRunner.java:55)
	at org.mockito.internal.runners.DefaultInternalRunner$1.run(DefaultInternalRunner.java:100)
	at org.mockito.internal.runners.DefaultInternalRunner.run(DefaultInternalRunner.java:107)
	at org.mockito.internal.runners.StrictRunner.run(StrictRunner.java:42)
	at org.mockito.junit.MockitoJUnitRunner.run(MockitoJUnitRunner.java:163)

[ERROR] com.adobe.acs.commons.wcm.impl.FileImporterTest.testImportToFolder -- Time elapsed: 0.001 s <<< ERROR!
java.lang.Error: 
Unresolved compilation problem: 
	Can only iterate over an array or an instance of java.lang.Iterable

	at com.adobe.acs.commons.wcm.impl.FileImporterTest.setup(FileImporterTest.java:81)
	at java.base/java.lang.reflect.Method.invoke(Method.java:566)
	at org.mockito.internal.runners.DefaultInternalRunner$1$1.evaluate(DefaultInternalRunner.java:55)
	at org.mockito.internal.runners.DefaultInternalRunner$1.run(DefaultInternalRunner.java:100)
	at org.mockito.internal.runners.DefaultInternalRunner.run(DefaultInternalRunner.java:107)
	at org.mockito.internal.runners.StrictRunner.run(StrictRunner.java:42)
	at org.mockito.junit.MockitoJUnitRunner.run(MockitoJUnitRunner.java:163)

[ERROR] Errors: 
[ERROR]   RemoteAssetsConfigImplTest.<init>:57  Unresolved compilation problem: 
	Rule cannot be resolved to a type

[ERROR]   RemoteAssetsConfigImplTest.<init>:57  Unresolved compilation problem: 
	Rule cannot be resolved to a type

[ERROR]   RemoteAssetsConfigImplTest.<init>:57  Unresolved compilation problem: 
	Rule cannot be resolved to a type

[ERROR]   RemoteAssetsConfigImplTest.<init>:57  Unresolved compilation problem: 
	Rule cannot be resolved to a type

[ERROR]   RemoteAssetsConfigImplTest.<init>:57  Unresolved compilation problem: 
	Rule cannot be resolved to a type

[ERROR]   RemoteAssetsConfigImplTest.<init>:57  Unresolved compilation problem: 
	Rule cannot be resolved to a type

[ERROR]   RemoteAssetsConfigImplTest.<init>:57  Unresolved compilation problem: 
	Rule cannot be resolved to a type

[ERROR]   RemoteAssetsConfigImplTest.<init>:57  Unresolved compilation problem: 
	Rule cannot be resolved to a type

[ERROR]   FileImporterTest.setup:81  Unresolved compilation problem: 
	Can only iterate over an array or an instance of java.lang.Iterable

[ERROR]   FileImporterTest.setup:81  Unresolved compilation problem: 
	Can only iterate over an array or an instance of java.lang.Iterable

[ERROR]   FileImporterTest.setup:81  Unresolved compilation problem: 
	Can only iterate over an array or an instance of java.lang.Iterable

[ERROR]   FileImporterTest.setup:81  Unresolved compilation problem: 
	Can only iterate over an array or an instance of java.lang.Iterable

[ERROR]   FileImporterTest.setup:81  Unresolved compilation problem: 
	Can only iterate over an array or an instance of java.lang.Iterable

[ERROR]   FileImporterTest.setup:81  Unresolved compilation problem: 
	Can only iterate over an array or an instance of java.lang.Iterable

[ERROR]   FileImporterTest.setup:81  Unresolved compilation problem: 
	Can only iterate over an array or an instance of java.lang.Iterable

[ERROR]   FileImporterTest.setup:81  Unresolved compilation problem: 
	Can only iterate over an array or an instance of java.lang.Iterable

[ERROR] Tests run: 1945, Failures: 0, Errors: 16, Skipped: 1
[ERROR] Failed to execute goal org.apache.maven.plugins:maven-surefire-plugin:3.5.5:test (default-test) on project acs-aem-commons-bundle: 
[ERROR] 
[ERROR] See /Users/davidg/Code/acs-aem-commons/bundle/target/surefire-reports for the individual test results.
[ERROR] See dump files (if any exist) [date].dump, [date]-jvmRun[N].dump and [date].dumpstream.
[ERROR] -> [Help 1]
[ERROR] 
[ERROR] To see the full stack trace of the errors, re-run Maven with the -e switch.
[ERROR] Re-run Maven using the -X switch to enable full debug logging.
[ERROR] 
[ERROR] For more information about the errors and possible solutions, please read the following articles:
[ERROR] [Help 1] http://cwiki.apache.org/confluence/display/MAVEN/MojoFailureException
[ERROR] 
[ERROR] After correcting the problems, you can resume the build with the command
[ERROR]   mvn <args> -rf :acs-aem-commons-bundle
